Archive member included because of file (symbol)

d:/tools/atmel/atmel toolchain/avr8 gcc/native/3.4.2.939/avr8-gnu-toolchain/bin/../lib/gcc/avr/4.7.2/avr5\libgcc.a(_exit.o)
                              d:/tools/atmel/atmel toolchain/avr8 gcc/native/3.4.2.939/avr8-gnu-toolchain/bin/../lib/gcc/avr/4.7.2/../../../../avr/lib/avr5/crtm32a.o (exit)
d:/tools/atmel/atmel toolchain/avr8 gcc/native/3.4.2.939/avr8-gnu-toolchain/bin/../lib/gcc/avr/4.7.2/avr5\libgcc.a(_copy_data.o)
                              driver_LCD.o (__do_copy_data)
d:/tools/atmel/atmel toolchain/avr8 gcc/native/3.4.2.939/avr8-gnu-toolchain/bin/../lib/gcc/avr/4.7.2/avr5\libgcc.a(_clear_bss.o)
                              lcd.o (__do_clear_bss)
d:/tools/atmel/atmel toolchain/avr8 gcc/native/3.4.2.939/avr8-gnu-toolchain/bin/../lib/gcc/avr/4.7.2/avr5\libgcc.a(_umulhisi3.o)
                              driver_LCD.o (__umulhisi3)

Discarded input sections

 .bss           0x00000000        0x0 d:/tools/atmel/atmel toolchain/avr8 gcc/native/3.4.2.939/avr8-gnu-toolchain/bin/../lib/gcc/avr/4.7.2/../../../../avr/lib/avr5/crtm32a.o
 .text          0x00000000        0x0 Button.o
 .bss           0x00000000        0x0 Button.o
 .text          0x00000000        0x0 driver_LCD.o
 .bss           0x00000000        0x0 driver_LCD.o
 .text.put_char
                0x00000000       0x1e driver_LCD.o
 .text.display_welcome
                0x00000000      0x10c driver_LCD.o
 .text.Cursor_init_position
                0x00000000        0xc driver_LCD.o
 .text.init_LCD
                0x00000000       0x5a driver_LCD.o
 .text.clear_screen
                0x00000000       0x18 driver_LCD.o
 .text.next_line
                0x00000000        0xc driver_LCD.o
 .rodata        0x00000000       0x7c driver_LCD.o
 .text.display_duty_cycle1
                0x00000000      0x188 driver_LCD.o
 .text.display_duty_cycle2
                0x00000000      0x184 driver_LCD.o
 .text.display_author
                0x00000000       0xc0 driver_LCD.o
 .text.put_string
                0x00000000       0x7e driver_LCD.o
 .text          0x00000000        0x0 lcd.o
 .bss           0x00000000        0x0 lcd.o
 .text          0x00000000        0x0 io_handler.o
 .bss           0x00000000        0x0 io_handler.o
 .text          0x00000000        0x0 driver_interrupt.o
 .bss           0x00000000        0x0 driver_interrupt.o
 .text.init_Timer0_int
                0x00000000       0x22 driver_interrupt.o
 .text          0x00000000        0x0 driver_PWM.o
 .bss           0x00000000        0x0 driver_PWM.o
 .text.init_PWM
                0x00000000       0x22 driver_PWM.o
 .text          0x00000000        0x0 main.o
 .bss           0x00000000        0x0 main.o
 .text          0x00000000        0x0 d:/tools/atmel/atmel toolchain/avr8 gcc/native/3.4.2.939/avr8-gnu-toolchain/bin/../lib/gcc/avr/4.7.2/avr5\libgcc.a(_exit.o)
 .bss           0x00000000        0x0 d:/tools/atmel/atmel toolchain/avr8 gcc/native/3.4.2.939/avr8-gnu-toolchain/bin/../lib/gcc/avr/4.7.2/avr5\libgcc.a(_exit.o)
 .text.libgcc.mul
                0x00000000        0x0 d:/tools/atmel/atmel toolchain/avr8 gcc/native/3.4.2.939/avr8-gnu-toolchain/bin/../lib/gcc/avr/4.7.2/avr5\libgcc.a(_exit.o)
 .text.libgcc.div
                0x00000000        0x0 d:/tools/atmel/atmel toolchain/avr8 gcc/native/3.4.2.939/avr8-gnu-toolchain/bin/../lib/gcc/avr/4.7.2/avr5\libgcc.a(_exit.o)
 .text.libgcc   0x00000000        0x0 d:/tools/atmel/atmel toolchain/avr8 gcc/native/3.4.2.939/avr8-gnu-toolchain/bin/../lib/gcc/avr/4.7.2/avr5\libgcc.a(_exit.o)
 .text.libgcc.prologue
                0x00000000        0x0 d:/tools/atmel/atmel toolchain/avr8 gcc/native/3.4.2.939/avr8-gnu-toolchain/bin/../lib/gcc/avr/4.7.2/avr5\libgcc.a(_exit.o)
 .text.libgcc.builtins
                0x00000000        0x0 d:/tools/atmel/atmel toolchain/avr8 gcc/native/3.4.2.939/avr8-gnu-toolchain/bin/../lib/gcc/avr/4.7.2/avr5\libgcc.a(_exit.o)
 .text.libgcc.fmul
                0x00000000        0x0 d:/tools/atmel/atmel toolchain/avr8 gcc/native/3.4.2.939/avr8-gnu-toolchain/bin/../lib/gcc/avr/4.7.2/avr5\libgcc.a(_exit.o)
 .text          0x00000000        0x0 d:/tools/atmel/atmel toolchain/avr8 gcc/native/3.4.2.939/avr8-gnu-toolchain/bin/../lib/gcc/avr/4.7.2/avr5\libgcc.a(_copy_data.o)
 .bss           0x00000000        0x0 d:/tools/atmel/atmel toolchain/avr8 gcc/native/3.4.2.939/avr8-gnu-toolchain/bin/../lib/gcc/avr/4.7.2/avr5\libgcc.a(_copy_data.o)
 .text.libgcc.mul
                0x00000000        0x0 d:/tools/atmel/atmel toolchain/avr8 gcc/native/3.4.2.939/avr8-gnu-toolchain/bin/../lib/gcc/avr/4.7.2/avr5\libgcc.a(_copy_data.o)
 .text.libgcc.div
                0x00000000        0x0 d:/tools/atmel/atmel toolchain/avr8 gcc/native/3.4.2.939/avr8-gnu-toolchain/bin/../lib/gcc/avr/4.7.2/avr5\libgcc.a(_copy_data.o)
 .text.libgcc   0x00000000        0x0 d:/tools/atmel/atmel toolchain/avr8 gcc/native/3.4.2.939/avr8-gnu-toolchain/bin/../lib/gcc/avr/4.7.2/avr5\libgcc.a(_copy_data.o)
 .text.libgcc.prologue
                0x00000000        0x0 d:/tools/atmel/atmel toolchain/avr8 gcc/native/3.4.2.939/avr8-gnu-toolchain/bin/../lib/gcc/avr/4.7.2/avr5\libgcc.a(_copy_data.o)
 .text.libgcc.builtins
                0x00000000        0x0 d:/tools/atmel/atmel toolchain/avr8 gcc/native/3.4.2.939/avr8-gnu-toolchain/bin/../lib/gcc/avr/4.7.2/avr5\libgcc.a(_copy_data.o)
 .text.libgcc.fmul
                0x00000000        0x0 d:/tools/atmel/atmel toolchain/avr8 gcc/native/3.4.2.939/avr8-gnu-toolchain/bin/../lib/gcc/avr/4.7.2/avr5\libgcc.a(_copy_data.o)
 .text          0x00000000        0x0 d:/tools/atmel/atmel toolchain/avr8 gcc/native/3.4.2.939/avr8-gnu-toolchain/bin/../lib/gcc/avr/4.7.2/avr5\libgcc.a(_clear_bss.o)
 .bss           0x00000000        0x0 d:/tools/atmel/atmel toolchain/avr8 gcc/native/3.4.2.939/avr8-gnu-toolchain/bin/../lib/gcc/avr/4.7.2/avr5\libgcc.a(_clear_bss.o)
 .text.libgcc.mul
                0x00000000        0x0 d:/tools/atmel/atmel toolchain/avr8 gcc/native/3.4.2.939/avr8-gnu-toolchain/bin/../lib/gcc/avr/4.7.2/avr5\libgcc.a(_clear_bss.o)
 .text.libgcc.div
                0x00000000        0x0 d:/tools/atmel/atmel toolchain/avr8 gcc/native/3.4.2.939/avr8-gnu-toolchain/bin/../lib/gcc/avr/4.7.2/avr5\libgcc.a(_clear_bss.o)
 .text.libgcc   0x00000000        0x0 d:/tools/atmel/atmel toolchain/avr8 gcc/native/3.4.2.939/avr8-gnu-toolchain/bin/../lib/gcc/avr/4.7.2/avr5\libgcc.a(_clear_bss.o)
 .text.libgcc.prologue
                0x00000000        0x0 d:/tools/atmel/atmel toolchain/avr8 gcc/native/3.4.2.939/avr8-gnu-toolchain/bin/../lib/gcc/avr/4.7.2/avr5\libgcc.a(_clear_bss.o)
 .text.libgcc.builtins
                0x00000000        0x0 d:/tools/atmel/atmel toolchain/avr8 gcc/native/3.4.2.939/avr8-gnu-toolchain/bin/../lib/gcc/avr/4.7.2/avr5\libgcc.a(_clear_bss.o)
 .text.libgcc.fmul
                0x00000000        0x0 d:/tools/atmel/atmel toolchain/avr8 gcc/native/3.4.2.939/avr8-gnu-toolchain/bin/../lib/gcc/avr/4.7.2/avr5\libgcc.a(_clear_bss.o)
 .text          0x00000000        0x0 d:/tools/atmel/atmel toolchain/avr8 gcc/native/3.4.2.939/avr8-gnu-toolchain/bin/../lib/gcc/avr/4.7.2/avr5\libgcc.a(_umulhisi3.o)
 .bss           0x00000000        0x0 d:/tools/atmel/atmel toolchain/avr8 gcc/native/3.4.2.939/avr8-gnu-toolchain/bin/../lib/gcc/avr/4.7.2/avr5\libgcc.a(_umulhisi3.o)
 .text.libgcc.mul
                0x00000000       0x18 d:/tools/atmel/atmel toolchain/avr8 gcc/native/3.4.2.939/avr8-gnu-toolchain/bin/../lib/gcc/avr/4.7.2/avr5\libgcc.a(_umulhisi3.o)
 .text.libgcc.div
                0x00000000        0x0 d:/tools/atmel/atmel toolchain/avr8 gcc/native/3.4.2.939/avr8-gnu-toolchain/bin/../lib/gcc/avr/4.7.2/avr5\libgcc.a(_umulhisi3.o)
 .text.libgcc   0x00000000        0x0 d:/tools/atmel/atmel toolchain/avr8 gcc/native/3.4.2.939/avr8-gnu-toolchain/bin/../lib/gcc/avr/4.7.2/avr5\libgcc.a(_umulhisi3.o)
 .text.libgcc.prologue
                0x00000000        0x0 d:/tools/atmel/atmel toolchain/avr8 gcc/native/3.4.2.939/avr8-gnu-toolchain/bin/../lib/gcc/avr/4.7.2/avr5\libgcc.a(_umulhisi3.o)
 .text.libgcc.builtins
                0x00000000        0x0 d:/tools/atmel/atmel toolchain/avr8 gcc/native/3.4.2.939/avr8-gnu-toolchain/bin/../lib/gcc/avr/4.7.2/avr5\libgcc.a(_umulhisi3.o)
 .text.libgcc.fmul
                0x00000000        0x0 d:/tools/atmel/atmel toolchain/avr8 gcc/native/3.4.2.939/avr8-gnu-toolchain/bin/../lib/gcc/avr/4.7.2/avr5\libgcc.a(_umulhisi3.o)

Memory Configuration

Name             Origin             Length             Attributes
text             0x00000000         0x00020000         xr
data             0x00800060         0x0000ffa0         rw !x
eeprom           0x00810000         0x00010000         rw !x
fuse             0x00820000         0x00000400         rw !x
lock             0x00830000         0x00000400         rw !x
signature        0x00840000         0x00000400         rw !x
user_signatures  0x00850000         0x00000400         rw !x
*default*        0x00000000         0xffffffff

Linker script and memory map

LOAD d:/tools/atmel/atmel toolchain/avr8 gcc/native/3.4.2.939/avr8-gnu-toolchain/bin/../lib/gcc/avr/4.7.2/../../../../avr/lib/avr5/crtm32a.o
LOAD Button.o
LOAD driver_LCD.o
LOAD lcd.o
LOAD io_handler.o
LOAD driver_interrupt.o
LOAD driver_PWM.o
LOAD main.o
START GROUP
LOAD d:/tools/atmel/atmel toolchain/avr8 gcc/native/3.4.2.939/avr8-gnu-toolchain/bin/../lib/gcc/avr/4.7.2/../../../../avr/lib/avr5\libm.a
END GROUP
LOAD d:/tools/atmel/atmel toolchain/avr8 gcc/native/3.4.2.939/avr8-gnu-toolchain/bin/../lib/gcc/avr/4.7.2/avr5\libgcc.a
LOAD d:/tools/atmel/atmel toolchain/avr8 gcc/native/3.4.2.939/avr8-gnu-toolchain/bin/../lib/gcc/avr/4.7.2/../../../../avr/lib/avr5\libc.a
LOAD d:/tools/atmel/atmel toolchain/avr8 gcc/native/3.4.2.939/avr8-gnu-toolchain/bin/../lib/gcc/avr/4.7.2/avr5\libgcc.a

.hash
 *(.hash)

.dynsym
 *(.dynsym)

.dynstr
 *(.dynstr)

.gnu.version
 *(.gnu.version)

.gnu.version_d
 *(.gnu.version_d)

.gnu.version_r
 *(.gnu.version_r)

.rel.init
 *(.rel.init)

.rela.init
 *(.rela.init)

.rel.text
 *(.rel.text)
 *(.rel.text.*)
 *(.rel.gnu.linkonce.t*)

.rela.text
 *(.rela.text)
 *(.rela.text.*)
 *(.rela.gnu.linkonce.t*)

.rel.fini
 *(.rel.fini)

.rela.fini
 *(.rela.fini)

.rel.rodata
 *(.rel.rodata)
 *(.rel.rodata.*)
 *(.rel.gnu.linkonce.r*)

.rela.rodata
 *(.rela.rodata)
 *(.rela.rodata.*)
 *(.rela.gnu.linkonce.r*)

.rel.data
 *(.rel.data)
 *(.rel.data.*)
 *(.rel.gnu.linkonce.d*)

.rela.data
 *(.rela.data)
 *(.rela.data.*)
 *(.rela.gnu.linkonce.d*)

.rel.ctors
 *(.rel.ctors)

.rela.ctors
 *(.rela.ctors)

.rel.dtors
 *(.rel.dtors)

.rela.dtors
 *(.rela.dtors)

.rel.got
 *(.rel.got)

.rela.got
 *(.rela.got)

.rel.bss
 *(.rel.bss)

.rela.bss
 *(.rela.bss)

.rel.plt
 *(.rel.plt)

.rela.plt
 *(.rela.plt)

.text           0x00000000      0x442
 *(.vectors)
 .vectors       0x00000000       0x54 d:/tools/atmel/atmel toolchain/avr8 gcc/native/3.4.2.939/avr8-gnu-toolchain/bin/../lib/gcc/avr/4.7.2/../../../../avr/lib/avr5/crtm32a.o
                0x00000000                __vector_default
                0x00000000                __vectors
 *(.vectors)
 *(.progmem.gcc*)
 *(.progmem*)
                0x00000054                . = ALIGN (0x2)
                0x00000054                __trampolines_start = .
 *(.trampolines)
 .trampolines   0x00000054        0x0 linker stubs
 *(.trampolines*)
                0x00000054                __trampolines_end = .
 *(.jumptables)
 *(.jumptables*)
 *(.lowtext)
 *(.lowtext*)
                0x00000054                __ctors_start = .
 *(.ctors)
                0x00000054                __ctors_end = .
                0x00000054                __dtors_start = .
 *(.dtors)
                0x00000054                __dtors_end = .
 SORT(*)(.ctors)
 SORT(*)(.dtors)
 *(.init0)
 .init0         0x00000054        0x0 d:/tools/atmel/atmel toolchain/avr8 gcc/native/3.4.2.939/avr8-gnu-toolchain/bin/../lib/gcc/avr/4.7.2/../../../../avr/lib/avr5/crtm32a.o
                0x00000054                __init
 *(.init0)
 *(.init1)
 *(.init1)
 *(.init2)
 .init2         0x00000054        0xc d:/tools/atmel/atmel toolchain/avr8 gcc/native/3.4.2.939/avr8-gnu-toolchain/bin/../lib/gcc/avr/4.7.2/../../../../avr/lib/avr5/crtm32a.o
 *(.init2)
 *(.init3)
 *(.init3)
 *(.init4)
 .init4         0x00000060       0x16 d:/tools/atmel/atmel toolchain/avr8 gcc/native/3.4.2.939/avr8-gnu-toolchain/bin/../lib/gcc/avr/4.7.2/avr5\libgcc.a(_copy_data.o)
                0x00000060                __do_copy_data
 .init4         0x00000076       0x10 d:/tools/atmel/atmel toolchain/avr8 gcc/native/3.4.2.939/avr8-gnu-toolchain/bin/../lib/gcc/avr/4.7.2/avr5\libgcc.a(_clear_bss.o)
                0x00000076                __do_clear_bss
 *(.init4)
 *(.init5)
 *(.init5)
 *(.init6)
 *(.init6)
 *(.init7)
 *(.init7)
 *(.init8)
 *(.init8)
 *(.init9)
 .init9         0x00000086        0x8 d:/tools/atmel/atmel toolchain/avr8 gcc/native/3.4.2.939/avr8-gnu-toolchain/bin/../lib/gcc/avr/4.7.2/../../../../avr/lib/avr5/crtm32a.o
 *(.init9)
 *(.text)
 .text          0x0000008e        0x4 d:/tools/atmel/atmel toolchain/avr8 gcc/native/3.4.2.939/avr8-gnu-toolchain/bin/../lib/gcc/avr/4.7.2/../../../../avr/lib/avr5/crtm32a.o
                0x0000008e                __vector_1
                0x0000008e                __vector_12
                0x0000008e                __bad_interrupt
                0x0000008e                __vector_6
                0x0000008e                __vector_3
                0x0000008e                __vector_11
                0x0000008e                __vector_13
                0x0000008e                __vector_17
                0x0000008e                __vector_19
                0x0000008e                __vector_7
                0x0000008e                __vector_5
                0x0000008e                __vector_4
                0x0000008e                __vector_9
                0x0000008e                __vector_2
                0x0000008e                __vector_15
                0x0000008e                __vector_8
                0x0000008e                __vector_14
                0x0000008e                __vector_10
                0x0000008e                __vector_16
                0x0000008e                __vector_18
                0x0000008e                __vector_20
                0x00000092                . = ALIGN (0x2)
 *(.text.*)
 .text.isKthBitSet
                0x00000092       0x16 Button.o
                0x00000092                isKthBitSet
 .text.ReadPin  0x000000a8       0x58 Button.o
                0x000000a8                ReadPin
 .text.SetControlPort
                0x00000100        0x6 lcd.o
                0x00000100                SetControlPort
 .text.SetDataPort
                0x00000106       0x24 lcd.o
                0x00000106                SetDataPort
 .text.SetRSPin
                0x0000012a       0x14 lcd.o
                0x0000012a                SetRSPin
 .text.SetEnablePin
                0x0000013e       0x14 lcd.o
                0x0000013e                SetEnablePin
 .text.SendCommand
                0x00000152       0x72 lcd.o
                0x00000152                SendCommand
 .text.SendData
                0x000001c4       0x72 lcd.o
                0x000001c4                SendData
 .text.ClearScreen
                0x00000236        0x8 lcd.o
                0x00000236                ClearScreen
 .text.CursorAtInitPosition
                0x0000023e        0x8 lcd.o
                0x0000023e                CursorAtInitPosition
 .text.NextLine
                0x00000246        0x8 lcd.o
                0x00000246                NextLine
 .text.InitLcd  0x0000024e       0x5a lcd.o
                0x0000024e                InitLcd
 .text.SendText
                0x000002a8       0x48 lcd.o
                0x000002a8                SendText
 .text.ResetPin
                0x000002f0       0x90 io_handler.o
                0x000002f0                ResetPin
 .text.SetPin   0x00000380       0x86 io_handler.o
                0x00000380                SetPin
 .text.main     0x00000406       0x38 main.o
                0x00000406                main
                0x0000043e                . = ALIGN (0x2)
 *(.fini9)
 .fini9         0x0000043e        0x0 d:/tools/atmel/atmel toolchain/avr8 gcc/native/3.4.2.939/avr8-gnu-toolchain/bin/../lib/gcc/avr/4.7.2/avr5\libgcc.a(_exit.o)
                0x0000043e                _exit
                0x0000043e                exit
 *(.fini9)
 *(.fini8)
 *(.fini8)
 *(.fini7)
 *(.fini7)
 *(.fini6)
 *(.fini6)
 *(.fini5)
 *(.fini5)
 *(.fini4)
 *(.fini4)
 *(.fini3)
 *(.fini3)
 *(.fini2)
 *(.fini2)
 *(.fini1)
 *(.fini1)
 *(.fini0)
 .fini0         0x0000043e        0x4 d:/tools/atmel/atmel toolchain/avr8 gcc/native/3.4.2.939/avr8-gnu-toolchain/bin/../lib/gcc/avr/4.7.2/avr5\libgcc.a(_exit.o)
 *(.fini0)
                0x00000442                _etext = .

.data           0x00800060       0x20 load address 0x00000442
                0x00800060                PROVIDE (__data_start, .)
 *(.data)
 .data          0x00800060        0x0 d:/tools/atmel/atmel toolchain/avr8 gcc/native/3.4.2.939/avr8-gnu-toolchain/bin/../lib/gcc/avr/4.7.2/../../../../avr/lib/avr5/crtm32a.o
 .data          0x00800060        0x0 Button.o
 .data          0x00800060        0x0 driver_LCD.o
 .data          0x00800060        0x0 lcd.o
 .data          0x00800060        0x0 io_handler.o
 .data          0x00800060        0x0 driver_interrupt.o
 .data          0x00800060        0x0 driver_PWM.o
 .data          0x00800060        0x0 main.o
 .data          0x00800060        0x0 d:/tools/atmel/atmel toolchain/avr8 gcc/native/3.4.2.939/avr8-gnu-toolchain/bin/../lib/gcc/avr/4.7.2/avr5\libgcc.a(_exit.o)
 .data          0x00800060        0x0 d:/tools/atmel/atmel toolchain/avr8 gcc/native/3.4.2.939/avr8-gnu-toolchain/bin/../lib/gcc/avr/4.7.2/avr5\libgcc.a(_copy_data.o)
 .data          0x00800060        0x0 d:/tools/atmel/atmel toolchain/avr8 gcc/native/3.4.2.939/avr8-gnu-toolchain/bin/../lib/gcc/avr/4.7.2/avr5\libgcc.a(_clear_bss.o)
 .data          0x00800060        0x0 d:/tools/atmel/atmel toolchain/avr8 gcc/native/3.4.2.939/avr8-gnu-toolchain/bin/../lib/gcc/avr/4.7.2/avr5\libgcc.a(_umulhisi3.o)
 *(.data*)
 .data.RSPin    0x00800060        0x2 lcd.o
                0x00800060                RSPin
 .data.ControlPort
                0x00800062        0x1 lcd.o
                0x00800062                ControlPort
 .data.DataPort
                0x00800063        0x1 lcd.o
                0x00800063                DataPort
 *(.rodata)
 *(.rodata*)
 .rodata.str1.1
                0x00800064       0x1c main.o
 *(.gnu.linkonce.d*)
                0x00800080                . = ALIGN (0x2)
                0x00800080                _edata = .
                0x00800080                PROVIDE (__data_end, .)

.bss            0x00800080        0x2
                0x00800080                PROVIDE (__bss_start, .)
 *(.bss)
 *(.bss*)
 .bss.EnablePin
                0x00800080        0x2 lcd.o
                0x00800080                EnablePin
 *(COMMON)
                0x00800082                PROVIDE (__bss_end, .)
                0x00000442                __data_load_start = LOADADDR (.data)
                0x00000462                __data_load_end = (__data_load_start + SIZEOF (.data))

.noinit         0x00800082        0x0
                0x00800082                PROVIDE (__noinit_start, .)
 *(.noinit*)
                0x00800082                PROVIDE (__noinit_end, .)
                0x00800082                _end = .
                0x00800082                PROVIDE (__heap_start, .)

.eeprom         0x00810000        0x0
 *(.eeprom*)
                0x00810000                __eeprom_end = .

.fuse
 *(.fuse)
 *(.lfuse)
 *(.hfuse)
 *(.efuse)

.lock
 *(.lock*)

.signature
 *(.signature*)

.user_signatures
 *(.user_signatures*)

.stab           0x00000000      0x6cc
 *(.stab)
 .stab          0x00000000      0x6cc d:/tools/atmel/atmel toolchain/avr8 gcc/native/3.4.2.939/avr8-gnu-toolchain/bin/../lib/gcc/avr/4.7.2/../../../../avr/lib/avr5/crtm32a.o

.stabstr        0x00000000       0x97
 *(.stabstr)
 .stabstr       0x00000000       0x97 d:/tools/atmel/atmel toolchain/avr8 gcc/native/3.4.2.939/avr8-gnu-toolchain/bin/../lib/gcc/avr/4.7.2/../../../../avr/lib/avr5/crtm32a.o

.stab.excl
 *(.stab.excl)

.stab.exclstr
 *(.stab.exclstr)

.stab.index
 *(.stab.index)

.stab.indexstr
 *(.stab.indexstr)

.comment        0x00000000       0x2f
 *(.comment)
 .comment       0x00000000       0x2f Button.o
                                 0x30 (size before relaxing)
 .comment       0x00000000       0x30 driver_LCD.o
 .comment       0x00000000       0x30 lcd.o
 .comment       0x00000000       0x30 io_handler.o
 .comment       0x00000000       0x30 driver_interrupt.o
 .comment       0x00000000       0x30 driver_PWM.o
 .comment       0x00000000       0x30 main.o

.debug
 *(.debug)

.line
 *(.line)

.debug_srcinfo
 *(.debug_srcinfo)

.debug_sfnames
 *(.debug_sfnames)

.debug_aranges  0x00000000      0x188
 *(.debug_aranges)
 .debug_aranges
                0x00000000       0x28 Button.o
 .debug_aranges
                0x00000028       0x68 driver_LCD.o
 .debug_aranges
                0x00000090       0x70 lcd.o
 .debug_aranges
                0x00000100       0x28 io_handler.o
 .debug_aranges
                0x00000128       0x20 driver_interrupt.o
 .debug_aranges
                0x00000148       0x20 driver_PWM.o
 .debug_aranges
                0x00000168       0x20 main.o

.debug_pubnames
 *(.debug_pubnames)

.debug_info     0x00000000     0x1446
 *(.debug_info)
 .debug_info    0x00000000       0xfc Button.o
 .debug_info    0x000000fc      0x9ae driver_LCD.o
 .debug_info    0x00000aaa      0x5d8 lcd.o
 .debug_info    0x00001082       0xe5 io_handler.o
 .debug_info    0x00001167       0x83 driver_interrupt.o
 .debug_info    0x000011ea       0xb0 driver_PWM.o
 .debug_info    0x0000129a      0x1ac main.o
 *(.gnu.linkonce.wi.*)

.debug_abbrev   0x00000000      0x5cb
 *(.debug_abbrev)
 .debug_abbrev  0x00000000       0x7e Button.o
 .debug_abbrev  0x0000007e      0x199 driver_LCD.o
 .debug_abbrev  0x00000217      0x18d lcd.o
 .debug_abbrev  0x000003a4       0x98 io_handler.o
 .debug_abbrev  0x0000043c       0x51 driver_interrupt.o
 .debug_abbrev  0x0000048d       0x6f driver_PWM.o
 .debug_abbrev  0x000004fc       0xcf main.o

.debug_line     0x00000000      0x908
 *(.debug_line)
 .debug_line    0x00000000       0xdc Button.o
 .debug_line    0x000000dc      0x2e4 driver_LCD.o
 .debug_line    0x000003c0      0x266 lcd.o
 .debug_line    0x00000626       0xee io_handler.o
 .debug_line    0x00000714       0xd4 driver_interrupt.o
 .debug_line    0x000007e8       0xcd driver_PWM.o
 .debug_line    0x000008b5       0x53 main.o

.debug_frame    0x00000000      0x314
 *(.debug_frame)
 .debug_frame   0x00000000       0x34 Button.o
 .debug_frame   0x00000034      0x140 driver_LCD.o
 .debug_frame   0x00000174      0x100 lcd.o
 .debug_frame   0x00000274       0x34 io_handler.o
 .debug_frame   0x000002a8       0x24 driver_interrupt.o
 .debug_frame   0x000002cc       0x24 driver_PWM.o
 .debug_frame   0x000002f0       0x24 main.o

.debug_str      0x00000000      0x302
 *(.debug_str)
 .debug_str     0x00000000       0x9f Button.o
                                 0xdd (size before relaxing)
 .debug_str     0x0000009f      0x111 driver_LCD.o
                                0x1cc (size before relaxing)
 .debug_str     0x000001b0       0xc5 lcd.o
                                0x20b (size before relaxing)
 .debug_str     0x00000275       0x12 io_handler.o
                                 0xdd (size before relaxing)
 .debug_str     0x00000287       0x28 driver_interrupt.o
                                 0xd9 (size before relaxing)
 .debug_str     0x000002af       0x37 driver_PWM.o
                                 0xf1 (size before relaxing)
 .debug_str     0x000002e6       0x1c main.o
                                0x104 (size before relaxing)

.debug_loc      0x00000000      0x945
 *(.debug_loc)
 .debug_loc     0x00000000       0xe5 Button.o
 .debug_loc     0x000000e5      0x3c7 driver_LCD.o
 .debug_loc     0x000004ac      0x31b lcd.o
 .debug_loc     0x000007c7      0x158 io_handler.o
 .debug_loc     0x0000091f       0x26 driver_PWM.o

.debug_macinfo
 *(.debug_macinfo)

.debug_pubtypes
 *(.debug_pubtypes)

.debug_ranges   0x00000000      0x118
 *(.debug_ranges)
 .debug_ranges  0x00000000       0x18 Button.o
 .debug_ranges  0x00000018       0x58 driver_LCD.o
 .debug_ranges  0x00000070       0x60 lcd.o
 .debug_ranges  0x000000d0       0x18 io_handler.o
 .debug_ranges  0x000000e8       0x10 driver_interrupt.o
 .debug_ranges  0x000000f8       0x10 driver_PWM.o
 .debug_ranges  0x00000108       0x10 main.o

.debug_macro
 *(.debug_macro)
OUTPUT(GccApplication1.elf elf32-avr)
LOAD linker stubs
